// Jest Snapshot v1, https://goo.gl/fbAQLP

exports[`renders without crashing 1`] = `
<DocumentFragment>
  <div
    class="MuiPaper-root MuiCard-root makeStyles-card-1 MuiPaper-elevation1 MuiPaper-rounded"
  >
    <h4
      class="MuiTypography-root MuiTypography-h4"
    >
      CFG Editor Coming Soon
    </h4>
    <p
      class="MuiTypography-root makeStyles-quitMessage-2 MuiTypography-body1"
    >
      You can now safely close this application
    </p>
  </div>
</DocumentFragment>
`;
