// Jest Snapshot v1, https://goo.gl/fbAQLP

exports[`renders without crashing 1`] = `
<DocumentFragment>
  <div
    class="MuiBox-root MuiBox-root-12 makeStyles-mainContainer-1"
  >
    <div
      class="MuiContainer-root makeStyles-bodyContainer-2 MuiContainer-maxWidthXl"
    >
      <h5
        class="MuiTypography-root makeStyles-loadingText-21 MuiTypography-h5"
      >
        Loading... Please wait
      </h5>
      <div
        class="MuiCircularProgress-root makeStyles-loadingIcon-22 MuiCircularProgress-colorSecondary MuiCircularProgress-indeterminate"
        role="progressbar"
        style="width: 40px; height: 40px;"
      >
        <svg
          class="MuiCircularProgress-svg"
          viewBox="22 22 44 44"
        >
          <circle
            class="MuiCircularProgress-circle MuiCircularProgress-circleIndeterminate"
            cx="44"
            cy="44"
            fill="none"
            r="20.2"
            stroke-width="3.6"
          />
        </svg>
      </div>
    </div>
    <div
      class="MuiBox-root MuiBox-root-19 makeStyles-footerContainer-3"
    >
      <div
        class="MuiTypography-root makeStyles-footer-11 MuiTypography-body1"
      >
        Valheim+ Installer TEST v.
      </div>
      <div
        class="MuiTypography-root makeStyles-footer-11 MuiTypography-body1"
      />
      <div
        class="MuiTypography-root makeStyles-footer-11 MuiTypography-body1"
      >
        Valheim+ v.test_current
      </div>
    </div>
  </div>
</DocumentFragment>
`;
